Hello from the local LLM filesystem tool! This is a test of our dynamic tool calling implementation